exports[`test App should render properly 1`] = `
<h1>
  Hello World
</h1>
`;
